// Jest Snapshot v1, https://goo.gl/fbAQLP

exports[`PreviewBox renders and matches the snapshot 1`] = `
.c10 {
  border: 0;
  -webkit-clip: rect(0 0 0 0);
  clip: rect(0 0 0 0);
  height: 1px;
  margin: -1px;
  overflow: hidden;
  padding: 0;
  position: absolute;
  width: 1px;
}

.c15 {
  font-size: 0.75rem;
  line-height: 1.33;
  font-weight: 600;
  color: #ffffff;
}

.c0 {
  background: #eaeaef;
  border-radius: 4px;
  border-color: #dcdce4;
  border: 1px solid #dcdce4;
}

.c2 {
  padding-right: 12px;
  padding-left: 12px;
}

.c13 {
  background: #212134;
  padding: 8px;
  border-radius: 4px;
  position: absolute;
}

.c6 {
  background: #ffffff;
  padding: 8px;
  border-radius: 4px;
  border-color: #dcdce4;
  border: 1px solid #dcdce4;
  cursor: pointer;
}

.c12 {
  padding-right: 8px;
  padding-left: 8px;
}

.c3 {
  -webkit-align-items: center;
  -webkit-box-align: center;
  -ms-flex-align: center;
  align-items: center;
  display: -webkit-box;
  display: -webkit-flex;
  display: -ms-flexbox;
  display: flex;
  -webkit-flex-direction: row;
  -ms-flex-direction: row;
  flex-direction: row;
  -webkit-box-pack: end;
  -webkit-justify-content: flex-end;
  -ms-flex-pack: end;
  justify-content: flex-end;
}

.c5 {
  -webkit-align-items: center;
  -webkit-box-align: center;
  -ms-flex-align: center;
  align-items: center;
  display: -webkit-box;
  display: -webkit-flex;
  display: -ms-flexbox;
  display: flex;
  -webkit-flex-direction: row;
  -ms-flex-direction: row;
  flex-direction: row;
  gap: 4px;
}

.c7 {
  -webkit-align-items: center;
  -webkit-box-align: center;
  -ms-flex-align: center;
  align-items: center;
  display: -webkit-box;
  display: -webkit-flex;
  display: -ms-flexbox;
  display: flex;
  -webkit-flex-direction: row;
  -ms-flex-direction: row;
  flex-direction: row;
  -webkit-box-pack: center;
  -webkit-justify-content: center;
  -ms-flex-pack: center;
  justify-content: center;
}

.c8 {
  position: relative;
  outline: none;
}

.c8 > svg {
  height: 12px;
  width: 12px;
}

.c8 > svg > g,
.c8 > svg path {
  fill: #ffffff;
}

.c8[aria-disabled='true'] {
  pointer-events: none;
}

.c8:after {
  -webkit-transition-property: all;
  transition-property: all;
  -webkit-transition-duration: 0.2s;
  transition-duration: 0.2s;
  border-radius: 8px;
  content: '';
  position: absolute;
  top: -4px;
  bottom: -4px;
  left: -4px;
  right: -4px;
  border: 2px solid transparent;
}

.c8:focus-visible {
  outline: none;
}

.c8:focus-visible:after {
  border-radius: 8px;
  content: '';
  position: absolute;
  top: -5px;
  bottom: -5px;
  left: -5px;
  right: -5px;
  border: 2px solid #4945ff;
}

.c14 {
  z-index: 4;
  display: none;
}

.c9 {
  border-color: #dcdce4;
  height: 2rem;
  width: 2rem;
}

.c9 svg g,
.c9 svg path {
  fill: #8e8ea9;
}

.c9:hover svg g,
.c9:focus svg g,
.c9:hover svg path,
.c9:focus svg path {
  fill: #666687;
}

.c9[aria-disabled='true'] svg path {
  fill: #666687;
}

.c1 {
  position: relative;
}

.c11 {
  position: relative;
  text-align: center;
  background: repeating-conic-gradient( #f6f6f9 0% 25%, transparent 0% 50% ) 50% / 20px 20px;
}

.c11 svg {
  font-size: 3rem;
  height: 16.5rem;
}

.c11 img,
.c11 video {
  margin: 0;
  padding: 0;
  max-height: 16.5rem;
  max-width: 100%;
}

.c4 {
  height: 3.25rem;
}

<body>
  <div>
    <div
      class="c0 c1"
    >
      <div
        class="c2 c3 c4"
      >
        <div
          class="c5"
        >
          <span>
            <button
              aria-disabled="false"
              aria-labelledby=":r0:"
              class="c6 c7 c8 c9"
              tabindex="0"
              type="button"
            >
              <span
                class="c10"
              >
                Download
              </span>
              <svg
                aria-hidden="true"
                fill="none"
                focusable="false"
                height="1rem"
                viewBox="0 0 24 25"
                width="1rem"
                xmlns="http://www.w3.org/2000/svg"
              >
                <path
                  clip-rule="evenodd"
                  d="M13.571 5.85H10.43v8.47H2.487a.2.2 0 0 0-.14.343l9.512 9.401a.2.2 0 0 0 .282 0l9.513-9.401a.2.2 0 0 0-.14-.342H13.57V5.85ZM2.2 3.027a.2.2 0 0 1-.2-.2V.402c0-.11.09-.2.2-.2h19.6c.11 0 .2.09.2.2v2.423a.2.2 0 0 1-.2.2H2.2Z"
                  fill="#212134"
                  fill-rule="evenodd"
                />
              </svg>
            </button>
          </span>
          <span>
            <button
              aria-disabled="false"
              aria-labelledby=":r2:"
              class="c6 c7 c8 c9"
              tabindex="0"
              type="button"
            >
              <span
                class="c10"
              >
                Copy link
              </span>
              <svg
                aria-hidden="true"
                fill="none"
                focusable="false"
                height="1rem"
                viewBox="0 0 24 24"
                width="1rem"
                xmlns="http://www.w3.org/2000/svg"
              >
                <path
                  d="M21.415 1.344a6.137 6.137 0 0 0-8.525.838L11.095 4.33a1.53 1.53 0 1 0 2.35 1.963l1.794-2.148a3.054 3.054 0 0 1 4.365-.324 3.117 3.117 0 0 1 .255 4.301l-3.73 4.467-.035.038a3.048 3.048 0 0 1-4.53.078 1.531 1.531 0 0 0-2.241 2.086 6.114 6.114 0 0 0 9.159-.245l3.721-4.454a6.289 6.289 0 0 0 1.418-4.62 6.01 6.01 0 0 0-2.206-4.128Z"
                  fill="#212134"
                />
                <path
                  d="m10.399 17.884-1.604 1.92a3.118 3.118 0 0 1-4.278.513 3.052 3.052 0 0 1-.457-4.353l3.795-4.542.028-.031a3.042 3.042 0 0 1 4.584-.022 1.529 1.529 0 0 0 1.794.37c.197-.094.37-.228.51-.395l.018-.022a1.51 1.51 0 0 0-.025-1.977 6.11 6.11 0 0 0-9.27.126l-3.784 4.53a6.137 6.137 0 0 0 .692 8.539 6.01 6.01 0 0 0 4.454 1.437 6.289 6.289 0 0 0 4.294-2.217l1.598-1.913a1.53 1.53 0 0 0-2.35-1.963Z"
                  fill="#212134"
                />
              </svg>
            </button>
          </span>
          <span>
            <button
              aria-disabled="false"
              aria-labelledby=":r4:"
              class="c6 c7 c8 c9"
              data-testid="crop"
              tabindex="0"
              type="button"
            >
              <span
                class="c10"
              >
                Crop
              </span>
              <svg
                aria-hidden="true"
                fill="none"
                focusable="false"
                height="1rem"
                viewBox="0 0 24 24"
                width="1rem"
                xmlns="http://www.w3.org/2000/svg"
              >
                <path
                  d="M20.571 21.429h-3.428V24h3.428v-2.571ZM20.571 17.143V3.429H7.714v3.428h9.429v10.286H6.857V0H3.43v3.429H0v3.428h3.429v13.714H24v-3.428h-3.429Z"
                  fill="#212134"
                />
              </svg>
            </button>
          </span>
        </div>
      </div>
      <div
        class="c11"
      >
        <img
          alt="Screenshot 2.png"
          data-testid="preview"
          src="/uploads/Screenshot_2_5d4a574d61.png"
        />
      </div>
      <div
        class="c12 c3 c4"
      />
    </div>
    <div
      class="c10"
    >
      <p
        aria-live="polite"
        aria-relevant="all"
        id="live-region-log"
        role="log"
      />
      <p
        aria-live="polite"
        aria-relevant="all"
        id="live-region-status"
        role="status"
      />
      <p
        aria-live="assertive"
        aria-relevant="all"
        id="live-region-alert"
        role="alert"
      />
    </div>
  </div>
  <div
    class=""
  >
    <div
      class="c13 c14"
      id=":r0:"
      role="tooltip"
    >
      <p
        class="c15"
      >
        Download
      </p>
    </div>
  </div>
  <div
    class=""
  >
    <div
      class="c13 c14"
      id=":r2:"
      role="tooltip"
    >
      <p
        class="c15"
      >
        Copy link
      </p>
    </div>
  </div>
  <div
    class=""
  >
    <div
      class="c13 c14"
      id=":r4:"
      role="tooltip"
    >
      <p
        class="c15"
      >
        Crop
      </p>
    </div>
  </div>
</body>
`;
